<html>
<body>
<pre>
<h1>µVision Build Log</h1>
<h2>Tool Versions:</h2>
IDE-Version: ¦ÌVision V5.26.2.0
Copyright (C) 2018 ARM Ltd and ARM Germany GmbH. All rights reserved.
License Information: a a, a, LIC=NQQQD-8GDVK-MMG9I-T4GC8-11VVV-9BP15
 
Tool Versions:
Toolchain:       MDK-ARM Plus  Version: 5.26.2.0
Toolchain Path:  D:\program\keil\ARM\ARMCC\Bin
C Compiler:      Armcc.exe V5.06 update 6 (build 750)
Assembler:       Armasm.exe V5.06 update 6 (build 750)
Linker/Locator:  ArmLink.exe V5.06 update 6 (build 750)
Library Manager: ArmAr.exe V5.06 update 6 (build 750)
Hex Converter:   FromElf.exe V5.06 update 6 (build 750)
CPU DLL:         SARMCM3.DLL V5.26.2.0
Dialog DLL:      DARMSTM.DLL V1.68.0.0
Target DLL:      STLink\ST-LINKIII-KEIL_SWO.dll V3.0.5.0
Dialog DLL:      TARMSTM.DLL V1.66.0.0
 
<h2>Project:</h2>
C:\Users\haha\OneDrive\git\us-os-II\Demo.uvprojx
Project File Date:  12/11/2019

<h2>Output:</h2>
*** Using Compiler 'V5.06 update 6 (build 750)', folder: 'D:\program\keil\ARM\ARMCC\Bin'
Rebuild target 'Targets'
assembling startup_stm32f10x_md.s...
compiling misc.c...
compiling stm32f10x_adc.c...
compiling stm32f10x_crc.c...
compiling stm32f10x_cec.c...
compiling stm32f10x_bkp.c...
compiling stm32f10x_dma.c...
compiling stm32f10x_fsmc.c...
compiling stm32f10x_dbgmcu.c...
compiling stm32f10x_dac.c...
compiling stm32f10x_exti.c...
compiling stm32f10x_gpio.c...
compiling stm32f10x_iwdg.c...
compiling stm32f10x_flash.c...
compiling stm32f10x_can.c...
compiling stm32f10x_i2c.c...
compiling os_mem.c...
compiling os_mbox.c...
compiling os_core.c...
compiling stm32f10x_pwr.c...
compiling os_mutex.c...
compiling os_flag.c...
compiling stm32f10x_rcc.c...
compiling stm32f10x_rtc.c...
compiling stm32f10x_sdio.c...
compiling stm32f10x_spi.c...
compiling stm32f10x_wwdg.c...
compiling stm32f10x_usart.c...
compiling system_stm32f10x.c...
compiling bsp.c...
compiling os_task.c...
assembling os_cpu_a.asm...
compiling os_sem.c...
compiling stm32f10x_tim.c...
compiling os_time.c...
compiling os_q.c...
compiling os_tmr.c...
compiling os_cpu_c.c...
compiling main.c...
App\main.c(14): warning:  #177-D: variable "F_length"  was declared but never referenced
  	float F_length;
App\main.c: 1 warning, 0 errors
compiling app_task.c...
App\app_task.c(24): warning:  #550-D: variable "b0"  was set but never used
  	float b0=0;
App\app_task.c(26): warning:  #550-D: variable "c0"  was set but never used
  	float c0=0;
App\app_task.c(100): warning:  #223-D: function "Rotate_Init" declared implicitly
  				Rotate_Init();
App\app_task.c(106): warning:  #223-D: function "Rotate_Init" declared implicitly
  				Rotate_Init();
App\app_task.c(79): warning:  #550-D: variable "b0"  was set but never used
  	float b0=0;
App\app_task.c(81): warning:  #550-D: variable "c0"  was set but never used
  	float c0=0;
App\app_task.c: 6 warnings, 0 errors
compiling stm32f10x_it.c...
compiling sys.c...
compiling delay.c...
compiling usart.c...
compiling SR_04.c...
compiling motor.c...
L298N\motor.c(96): warning:  #1-D: last line of file ends without a newline
  }
L298N\motor.c: 1 warning, 0 errors
compiling PWM.c...
linking...
Program Size: Code=13376 RO-data=524 RW-data=100 ZI-data=3756  
FromELF: creating hex file...
".\Objects\ExecutableFile.axf" - 0 Error(s), 8 Warning(s).

<h2>Software Packages used:</h2>

Package Vendor: Keil
                http://www.keil.com/pack/Keil.STM32F1xx_DFP.2.2.0.pack
                Keil.STM32F1xx_DFP.2.2.0
                STMicroelectronics STM32F1 Series Device Support, Drivers and Examples

<h2>Collection of Component include folders:</h2>
  .\RTE\_Targets
  D:\program\keil\ARM\PACK\Keil\STM32F1xx_DFP\2.2.0\Device\Include

<h2>Collection of Component Files used:</h2>
Build Time Elapsed:  00:00:02
</pre>
</body>
</html>
